MariaDB [(none)]> create database fatec;
Query OK, 1 row affected (0.027 sec)

MariaDB [(none)]> use fatec;
Database changed
MariaDB [fatec]> create table aluno(
    -> matricula int primary key auto_increment,
    -> nome varchar(20) not null,
    -> sobrenome varchar(20),
    -> sexo enum('F', 'M') default 'M',
    -> datanasc date,
    -> curso char(3) default 'ADS',
    -> nota1 decimal(5,2) default 5,
    -> nota2 decimal(5,2) default 0);
Query OK, 0 rows affected (0.261 sec)

MariaDB [fatec]> desc aluno
    -> ;
+-----------+---------------+------+-----+---------+----------------+
| Field     | Type          | Null | Key | Default | Extra          |
+-----------+---------------+------+-----+---------+----------------+
| matricula | int(11)       | NO   | PRI | NULL    | auto_increment |
| nome      | varchar(20)   | NO   |     | NULL    |                |
| sobrenome | varchar(20)   | YES  |     | NULL    |                |
| sexo      | enum('F','M') | YES  |     | M       |                |
| datanasc  | date          | YES  |     | NULL    |                |
| curso     | char(3)       | YES  |     | ADS     |                |
| nota1     | decimal(5,2)  | YES  |     | 5.00    |                |
| nota2     | decimal(5,2)  | YES  |     | 0.00    |                |
+-----------+---------------+------+-----+---------+----------------+
8 rows in set (0.142 sec)

MariaDB [fatec]> /* Inserir diversos valores */
MariaDB [fatec]> insert into aluno (nome, sobrenome, datanasc) values
    -> ('Renato', 'Cardoso', '2000-01-01'),
    -> ('Paulo', 'Mendes', '2000-05-20'),
    -> ('Valter', 'Carvalho', '1999-12-25'),
    -> ('Daniel', 'Menezes', '1999-10-10');
Query OK, 4 rows affected (0.333 sec)
Records: 4  Duplicates: 0  Warnings: 0

MariaDB [fatec]> select * from aluno;
+-----------+--------+-----------+------+------------+-------+-------+-------+
| matricula | nome   | sobrenome | sexo | datanasc   | curso | nota1 | nota2 |
+-----------+--------+-----------+------+------------+-------+-------+-------+
|         1 | Renato | Cardoso   | M    | 2000-01-01 | ADS   |  5.00 |  0.00 |
|         2 | Paulo  | Mendes    | M    | 2000-05-20 | ADS   |  5.00 |  0.00 |
|         3 | Valter | Carvalho  | M    | 1999-12-25 | ADS   |  5.00 |  0.00 |
|         4 | Daniel | Menezes   | M    | 1999-10-10 | ADS   |  5.00 |  0.00 |
+-----------+--------+-----------+------+------------+-------+-------+-------+
4 rows in set (0.116 sec)

MariaDB [fatec]> insert into aluno (nome, sexo, curso) values
    -> ('Beatriz', 'F', 'JOG'), ('Marlene', 'F', 'CMX'), ('Hugo', 'M', 'SEG');
Query OK, 3 rows affected (0.126 sec)
Records: 3  Duplicates: 0  Warnings: 0

MariaDB [fatec]> select * from aluno;
+-----------+---------+-----------+------+------------+-------+-------+-------+
| matricula | nome    | sobrenome | sexo | datanasc   | curso | nota1 | nota2 |
+-----------+---------+-----------+------+------------+-------+-------+-------+
|         1 | Renato  | Cardoso   | M    | 2000-01-01 | ADS   |  5.00 |  0.00 |
|         2 | Paulo   | Mendes    | M    | 2000-05-20 | ADS   |  5.00 |  0.00 |
|         3 | Valter  | Carvalho  | M    | 1999-12-25 | ADS   |  5.00 |  0.00 |
|         4 | Daniel  | Menezes   | M    | 1999-10-10 | ADS   |  5.00 |  0.00 |
|         5 | Beatriz | NULL      | F    | NULL       | JOG   |  5.00 |  0.00 |
|         6 | Marlene | NULL      | F    | NULL       | CMX   |  5.00 |  0.00 |
|         7 | Hugo    | NULL      | M    | NULL       | SEG   |  5.00 |  0.00 |
+-----------+---------+-----------+------+------------+-------+-------+-------+
7 rows in set (0.000 sec)

MariaDB [fatec]> insert into aluno set sobrenome='Souza', nome='Fabio', nota2=5.5, datanasc='2000-02-29';
Query OK, 1 row affected (0.204 sec)

MariaDB [fatec]> insert into aluno set sobrenome='Reis', nome='Ana', sexo='F', nota2=10, datanasc='2001-02-29';
Query OK, 1 row affected, 1 warning (0.142 sec)

MariaDB [fatec]> select * from aluno;
+-----------+---------+-----------+------+------------+-------+-------+-------+
| matricula | nome    | sobrenome | sexo | datanasc   | curso | nota1 | nota2 |
+-----------+---------+-----------+------+------------+-------+-------+-------+
|         1 | Renato  | Cardoso   | M    | 2000-01-01 | ADS   |  5.00 |  0.00 |
|         2 | Paulo   | Mendes    | M    | 2000-05-20 | ADS   |  5.00 |  0.00 |
|         3 | Valter  | Carvalho  | M    | 1999-12-25 | ADS   |  5.00 |  0.00 |
|         4 | Daniel  | Menezes   | M    | 1999-10-10 | ADS   |  5.00 |  0.00 |
|         5 | Beatriz | NULL      | F    | NULL       | JOG   |  5.00 |  0.00 |
|         6 | Marlene | NULL      | F    | NULL       | CMX   |  5.00 |  0.00 |
|         7 | Hugo    | NULL      | M    | NULL       | SEG   |  5.00 |  0.00 |
|         8 | Fabio   | Souza     | M    | 2000-02-29 | ADS   |  5.00 |  5.50 |
|         9 | Ana     | Reis      | F    | 0000-00-00 | ADS   |  5.00 | 10.00 |
+-----------+---------+-----------+------+------------+-------+-------+-------+
9 rows in set (0.000 sec)

MariaDB [fatec]> insert into aluno set sexo='X', sobrenome='Silva', curso='SEG', datanasc='2000-04-31';
Query OK, 1 row affected, 3 warnings (0.125 sec)

MariaDB [fatec]> select * from aluno;
+-----------+---------+-----------+------+------------+-------+-------+-------+
| matricula | nome    | sobrenome | sexo | datanasc   | curso | nota1 | nota2 |
+-----------+---------+-----------+------+------------+-------+-------+-------+
|         1 | Renato  | Cardoso   | M    | 2000-01-01 | ADS   |  5.00 |  0.00 |
|         2 | Paulo   | Mendes    | M    | 2000-05-20 | ADS   |  5.00 |  0.00 |
|         3 | Valter  | Carvalho  | M    | 1999-12-25 | ADS   |  5.00 |  0.00 |
|         4 | Daniel  | Menezes   | M    | 1999-10-10 | ADS   |  5.00 |  0.00 |
|         5 | Beatriz | NULL      | F    | NULL       | JOG   |  5.00 |  0.00 |
|         6 | Marlene | NULL      | F    | NULL       | CMX   |  5.00 |  0.00 |
|         7 | Hugo    | NULL      | M    | NULL       | SEG   |  5.00 |  0.00 |
|         8 | Fabio   | Souza     | M    | 2000-02-29 | ADS   |  5.00 |  5.50 |
|         9 | Ana     | Reis      | F    | 0000-00-00 | ADS   |  5.00 | 10.00 |
|        10 |         | Silva     |      | 0000-00-00 | SEG   |  5.00 |  0.00 |
+-----------+---------+-----------+------+------------+-------+-------+-------+
10 rows in set (0.000 sec)

MariaDB [fatec]> /* corrigir algumas informa‡äes da Tabela */
MariaDB [fatec]> update aluno set nome='Vera', sexo='F', datanasc='2000-04-30' where matricula=10;
Query OK, 1 row affected (0.182 sec)
Rows matched: 1  Changed: 1  Warnings: 0

MariaDB [fatec]> select * from aluno;
+-----------+---------+-----------+------+------------+-------+-------+-------+
| matricula | nome    | sobrenome | sexo | datanasc   | curso | nota1 | nota2 |
+-----------+---------+-----------+------+------------+-------+-------+-------+
|         1 | Renato  | Cardoso   | M    | 2000-01-01 | ADS   |  5.00 |  0.00 |
|         2 | Paulo   | Mendes    | M    | 2000-05-20 | ADS   |  5.00 |  0.00 |
|         3 | Valter  | Carvalho  | M    | 1999-12-25 | ADS   |  5.00 |  0.00 |
|         4 | Daniel  | Menezes   | M    | 1999-10-10 | ADS   |  5.00 |  0.00 |
|         5 | Beatriz | NULL      | F    | NULL       | JOG   |  5.00 |  0.00 |
|         6 | Marlene | NULL      | F    | NULL       | CMX   |  5.00 |  0.00 |
|         7 | Hugo    | NULL      | M    | NULL       | SEG   |  5.00 |  0.00 |
|         8 | Fabio   | Souza     | M    | 2000-02-29 | ADS   |  5.00 |  5.50 |
|         9 | Ana     | Reis      | F    | 0000-00-00 | ADS   |  5.00 | 10.00 |
|        10 | Vera    | Silva     | F    | 2000-04-30 | SEG   |  5.00 |  0.00 |
+-----------+---------+-----------+------+------------+-------+-------+-------+
10 rows in set (0.000 sec)

MariaDB [fatec]> select * from aluno where sobrenome is null;
+-----------+---------+-----------+------+----------+-------+-------+-------+
| matricula | nome    | sobrenome | sexo | datanasc | curso | nota1 | nota2 |
+-----------+---------+-----------+------+----------+-------+-------+-------+
|         5 | Beatriz | NULL      | F    | NULL     | JOG   |  5.00 |  0.00 |
|         6 | Marlene | NULL      | F    | NULL     | CMX   |  5.00 |  0.00 |
|         7 | Hugo    | NULL      | M    | NULL     | SEG   |  5.00 |  0.00 |
+-----------+---------+-----------+------+----------+-------+-------+-------+
3 rows in set (0.026 sec)

MariaDB [fatec]> update aluno set sobrenome='Martins' where matricula in (5,6); /* where matricula=5 or matricula=6  */
Query OK, 2 rows affected (0.130 sec)
Rows matched: 2  Changed: 2  Warnings: 0

MariaDB [fatec]> select * from aluno;
+-----------+---------+-----------+------+------------+-------+-------+-------+
| matricula | nome    | sobrenome | sexo | datanasc   | curso | nota1 | nota2 |
+-----------+---------+-----------+------+------------+-------+-------+-------+
|         1 | Renato  | Cardoso   | M    | 2000-01-01 | ADS   |  5.00 |  0.00 |
|         2 | Paulo   | Mendes    | M    | 2000-05-20 | ADS   |  5.00 |  0.00 |
|         3 | Valter  | Carvalho  | M    | 1999-12-25 | ADS   |  5.00 |  0.00 |
|         4 | Daniel  | Menezes   | M    | 1999-10-10 | ADS   |  5.00 |  0.00 |
|         5 | Beatriz | Martins   | F    | NULL       | JOG   |  5.00 |  0.00 |
|         6 | Marlene | Martins   | F    | NULL       | CMX   |  5.00 |  0.00 |
|         7 | Hugo    | NULL      | M    | NULL       | SEG   |  5.00 |  0.00 |
|         8 | Fabio   | Souza     | M    | 2000-02-29 | ADS   |  5.00 |  5.50 |
|         9 | Ana     | Reis      | F    | 0000-00-00 | ADS   |  5.00 | 10.00 |
|        10 | Vera    | Silva     | F    | 2000-04-30 | SEG   |  5.00 |  0.00 |
+-----------+---------+-----------+------+------------+-------+-------+-------+
10 rows in set (0.000 sec)

MariaDB [fatec]> update aluno set sobrenome='Gasparini' where nome='Hugo';
Query OK, 1 row affected (0.131 sec)
Rows matched: 1  Changed: 1  Warnings: 0

MariaDB [fatec]> select * from aluno;
+-----------+---------+-----------+------+------------+-------+-------+-------+
| matricula | nome    | sobrenome | sexo | datanasc   | curso | nota1 | nota2 |
+-----------+---------+-----------+------+------------+-------+-------+-------+
|         1 | Renato  | Cardoso   | M    | 2000-01-01 | ADS   |  5.00 |  0.00 |
|         2 | Paulo   | Mendes    | M    | 2000-05-20 | ADS   |  5.00 |  0.00 |
|         3 | Valter  | Carvalho  | M    | 1999-12-25 | ADS   |  5.00 |  0.00 |
|         4 | Daniel  | Menezes   | M    | 1999-10-10 | ADS   |  5.00 |  0.00 |
|         5 | Beatriz | Martins   | F    | NULL       | JOG   |  5.00 |  0.00 |
|         6 | Marlene | Martins   | F    | NULL       | CMX   |  5.00 |  0.00 |
|         7 | Hugo    | Gasparini | M    | NULL       | SEG   |  5.00 |  0.00 |
|         8 | Fabio   | Souza     | M    | 2000-02-29 | ADS   |  5.00 |  5.50 |
|         9 | Ana     | Reis      | F    | 0000-00-00 | ADS   |  5.00 | 10.00 |
|        10 | Vera    | Silva     | F    | 2000-04-30 | SEG   |  5.00 |  0.00 |
+-----------+---------+-----------+------+------------+-------+-------+-------+
10 rows in set (0.000 sec)

MariaDB [fatec]> update aluno set datanasc='1998-10-15' where matricula=9;
Query OK, 1 row affected (0.038 sec)
Rows matched: 1  Changed: 1  Warnings: 0

MariaDB [fatec]> select * from aluno;
+-----------+---------+-----------+------+------------+-------+-------+-------+
| matricula | nome    | sobrenome | sexo | datanasc   | curso | nota1 | nota2 |
+-----------+---------+-----------+------+------------+-------+-------+-------+
|         1 | Renato  | Cardoso   | M    | 2000-01-01 | ADS   |  5.00 |  0.00 |
|         2 | Paulo   | Mendes    | M    | 2000-05-20 | ADS   |  5.00 |  0.00 |
|         3 | Valter  | Carvalho  | M    | 1999-12-25 | ADS   |  5.00 |  0.00 |
|         4 | Daniel  | Menezes   | M    | 1999-10-10 | ADS   |  5.00 |  0.00 |
|         5 | Beatriz | Martins   | F    | NULL       | JOG   |  5.00 |  0.00 |
|         6 | Marlene | Martins   | F    | NULL       | CMX   |  5.00 |  0.00 |
|         7 | Hugo    | Gasparini | M    | NULL       | SEG   |  5.00 |  0.00 |
|         8 | Fabio   | Souza     | M    | 2000-02-29 | ADS   |  5.00 |  5.50 |
|         9 | Ana     | Reis      | F    | 1998-10-15 | ADS   |  5.00 | 10.00 |
|        10 | Vera    | Silva     | F    | 2000-04-30 | SEG   |  5.00 |  0.00 |
+-----------+---------+-----------+------+------------+-------+-------+-------+
10 rows in set (0.000 sec)

MariaDB [fatec]> update aluno set datanasc='1999-07-12' where matricula=5;
Query OK, 1 row affected (0.130 sec)
Rows matched: 1  Changed: 1  Warnings: 0

MariaDB [fatec]> update aluno set datanasc='1999-08-08' where matricula=6;
Query OK, 1 row affected (0.152 sec)
Rows matched: 1  Changed: 1  Warnings: 0

MariaDB [fatec]> select * from aluno;
+-----------+---------+-----------+------+------------+-------+-------+-------+
| matricula | nome    | sobrenome | sexo | datanasc   | curso | nota1 | nota2 |
+-----------+---------+-----------+------+------------+-------+-------+-------+
|         1 | Renato  | Cardoso   | M    | 2000-01-01 | ADS   |  5.00 |  0.00 |
|         2 | Paulo   | Mendes    | M    | 2000-05-20 | ADS   |  5.00 |  0.00 |
|         3 | Valter  | Carvalho  | M    | 1999-12-25 | ADS   |  5.00 |  0.00 |
|         4 | Daniel  | Menezes   | M    | 1999-10-10 | ADS   |  5.00 |  0.00 |
|         5 | Beatriz | Martins   | F    | 1999-07-12 | JOG   |  5.00 |  0.00 |
|         6 | Marlene | Martins   | F    | 1999-08-08 | CMX   |  5.00 |  0.00 |
|         7 | Hugo    | Gasparini | M    | NULL       | SEG   |  5.00 |  0.00 |
|         8 | Fabio   | Souza     | M    | 2000-02-29 | ADS   |  5.00 |  5.50 |
|         9 | Ana     | Reis      | F    | 1998-10-15 | ADS   |  5.00 | 10.00 |
|        10 | Vera    | Silva     | F    | 2000-04-30 | SEG   |  5.00 |  0.00 |
+-----------+---------+-----------+------+------------+-------+-------+-------+
10 rows in set (0.000 sec)

MariaDB [fatec]> update aluno set datanasc='2000-12-31' where matricula=7;
Query OK, 1 row affected (0.130 sec)
Rows matched: 1  Changed: 1  Warnings: 0

MariaDB [fatec]> select * from aluno;
+-----------+---------+-----------+------+------------+-------+-------+-------+
| matricula | nome    | sobrenome | sexo | datanasc   | curso | nota1 | nota2 |
+-----------+---------+-----------+------+------------+-------+-------+-------+
|         1 | Renato  | Cardoso   | M    | 2000-01-01 | ADS   |  5.00 |  0.00 |
|         2 | Paulo   | Mendes    | M    | 2000-05-20 | ADS   |  5.00 |  0.00 |
|         3 | Valter  | Carvalho  | M    | 1999-12-25 | ADS   |  5.00 |  0.00 |
|         4 | Daniel  | Menezes   | M    | 1999-10-10 | ADS   |  5.00 |  0.00 |
|         5 | Beatriz | Martins   | F    | 1999-07-12 | JOG   |  5.00 |  0.00 |
|         6 | Marlene | Martins   | F    | 1999-08-08 | CMX   |  5.00 |  0.00 |
|         7 | Hugo    | Gasparini | M    | 2000-12-31 | SEG   |  5.00 |  0.00 |
|         8 | Fabio   | Souza     | M    | 2000-02-29 | ADS   |  5.00 |  5.50 |
|         9 | Ana     | Reis      | F    | 1998-10-15 | ADS   |  5.00 | 10.00 |
|        10 | Vera    | Silva     | F    | 2000-04-30 | SEG   |  5.00 |  0.00 |
+-----------+---------+-----------+------+------------+-------+-------+-------+
10 rows in set (0.000 sec)

MariaDB [fatec]> select nome, sobrenome, datanasc from aluno;
+---------+-----------+------------+
| nome    | sobrenome | datanasc   |
+---------+-----------+------------+
| Renato  | Cardoso   | 2000-01-01 |
| Paulo   | Mendes    | 2000-05-20 |
| Valter  | Carvalho  | 1999-12-25 |
| Daniel  | Menezes   | 1999-10-10 |
| Beatriz | Martins   | 1999-07-12 |
| Marlene | Martins   | 1999-08-08 |
| Hugo    | Gasparini | 2000-12-31 |
| Fabio   | Souza     | 2000-02-29 |
| Ana     | Reis      | 1998-10-15 |
| Vera    | Silva     | 2000-04-30 |
+---------+-----------+------------+
10 rows in set (0.001 sec)

MariaDB [fatec]> select nome, sobrenome, datanasc from aluno order by nome;
+---------+-----------+------------+
| nome    | sobrenome | datanasc   |
+---------+-----------+------------+
| Ana     | Reis      | 1998-10-15 |
| Beatriz | Martins   | 1999-07-12 |
| Daniel  | Menezes   | 1999-10-10 |
| Fabio   | Souza     | 2000-02-29 |
| Hugo    | Gasparini | 2000-12-31 |
| Marlene | Martins   | 1999-08-08 |
| Paulo   | Mendes    | 2000-05-20 |
| Renato  | Cardoso   | 2000-01-01 |
| Valter  | Carvalho  | 1999-12-25 |
| Vera    | Silva     | 2000-04-30 |
+---------+-----------+------------+
10 rows in set (0.001 sec)

MariaDB [fatec]> select curso from aluno;
+-------+
| curso |
+-------+
| ADS   |
| ADS   |
| ADS   |
| ADS   |
| JOG   |
| CMX   |
| SEG   |
| ADS   |
| ADS   |
| SEG   |
+-------+
10 rows in set (0.001 sec)

MariaDB [fatec]> select distinct curso from aluno;
+-------+
| curso |
+-------+
| ADS   |
| JOG   |
| CMX   |
| SEG   |
+-------+
4 rows in set (0.101 sec)

MariaDB [fatec]> select distinct sobrenome from aluno;
+-----------+
| sobrenome |
+-----------+
| Cardoso   |
| Mendes    |
| Carvalho  |
| Menezes   |
| Martins   |
| Gasparini |
| Souza     |
| Reis      |
| Silva     |
+-----------+
9 rows in set (0.000 sec)

MariaDB [fatec]> select * from aluno where sobrenome like 'M%';
+-----------+---------+-----------+------+------------+-------+-------+-------+
| matricula | nome    | sobrenome | sexo | datanasc   | curso | nota1 | nota2 |
+-----------+---------+-----------+------+------------+-------+-------+-------+
|         2 | Paulo   | Mendes    | M    | 2000-05-20 | ADS   |  5.00 |  0.00 |
|         4 | Daniel  | Menezes   | M    | 1999-10-10 | ADS   |  5.00 |  0.00 |
|         5 | Beatriz | Martins   | F    | 1999-07-12 | JOG   |  5.00 |  0.00 |
|         6 | Marlene | Martins   | F    | 1999-08-08 | CMX   |  5.00 |  0.00 |
+-----------+---------+-----------+------+------------+-------+-------+-------+
4 rows in set (0.000 sec)

MariaDB [fatec]> select * from aluno where sobrenome like 'C%';
+-----------+--------+-----------+------+------------+-------+-------+-------+
| matricula | nome   | sobrenome | sexo | datanasc   | curso | nota1 | nota2 |
+-----------+--------+-----------+------+------------+-------+-------+-------+
|         1 | Renato | Cardoso   | M    | 2000-01-01 | ADS   |  5.00 |  0.00 |
|         3 | Valter | Carvalho  | M    | 1999-12-25 | ADS   |  5.00 |  0.00 |
+-----------+--------+-----------+------+------------+-------+-------+-------+
2 rows in set (0.000 sec)

MariaDB [fatec]> select * from aluno where sobrenome like 'S%';
+-----------+-------+-----------+------+------------+-------+-------+-------+
| matricula | nome  | sobrenome | sexo | datanasc   | curso | nota1 | nota2 |
+-----------+-------+-----------+------+------------+-------+-------+-------+
|         8 | Fabio | Souza     | M    | 2000-02-29 | ADS   |  5.00 |  5.50 |
|        10 | Vera  | Silva     | F    | 2000-04-30 | SEG   |  5.00 |  0.00 |
+-----------+-------+-----------+------+------------+-------+-------+-------+
2 rows in set (0.000 sec)

MariaDB [fatec]> insert into aluno (nome, sobrenome, sexo, datanasc) values
    -> ('Mariana', 'Rodrigues', 'F', '2000-03-23'),
    -> ('Ana Luiza', 'Lima', 'F', '2000-07-25');
Query OK, 2 rows affected (0.040 sec)
Records: 2  Duplicates: 0  Warnings: 0

MariaDB [fatec]> select * from aluno;
+-----------+-----------+-----------+------+------------+-------+-------+-------+
| matricula | nome      | sobrenome | sexo | datanasc   | curso | nota1 | nota2 |
+-----------+-----------+-----------+------+------------+-------+-------+-------+
|         1 | Renato    | Cardoso   | M    | 2000-01-01 | ADS   |  5.00 |  0.00 |
|         2 | Paulo     | Mendes    | M    | 2000-05-20 | ADS   |  5.00 |  0.00 |
|         3 | Valter    | Carvalho  | M    | 1999-12-25 | ADS   |  5.00 |  0.00 |
|         4 | Daniel    | Menezes   | M    | 1999-10-10 | ADS   |  5.00 |  0.00 |
|         5 | Beatriz   | Martins   | F    | 1999-07-12 | JOG   |  5.00 |  0.00 |
|         6 | Marlene   | Martins   | F    | 1999-08-08 | CMX   |  5.00 |  0.00 |
|         7 | Hugo      | Gasparini | M    | 2000-12-31 | SEG   |  5.00 |  0.00 |
|         8 | Fabio     | Souza     | M    | 2000-02-29 | ADS   |  5.00 |  5.50 |
|         9 | Ana       | Reis      | F    | 1998-10-15 | ADS   |  5.00 | 10.00 |
|        10 | Vera      | Silva     | F    | 2000-04-30 | SEG   |  5.00 |  0.00 |
|        11 | Mariana   | Rodrigues | F    | 2000-03-23 | ADS   |  5.00 |  0.00 |
|        12 | Ana Luiza | Lima      | F    | 2000-07-25 | ADS   |  5.00 |  0.00 |
+-----------+-----------+-----------+------+------------+-------+-------+-------+
12 rows in set (0.000 sec)

MariaDB [fatec]> select nome, sobrenome, datanasc from aluno where nome like 'Ana%';
+-----------+-----------+------------+
| nome      | sobrenome | datanasc   |
+-----------+-----------+------------+
| Ana       | Reis      | 1998-10-15 |
| Ana Luiza | Lima      | 2000-07-25 |
+-----------+-----------+------------+
2 rows in set (0.000 sec)

MariaDB [fatec]> select nome, sobrenome, datanasc from aluno where nome like '%Ana%';
+-----------+-----------+------------+
| nome      | sobrenome | datanasc   |
+-----------+-----------+------------+
| Ana       | Reis      | 1998-10-15 |
| Mariana   | Rodrigues | 2000-03-23 |
| Ana Luiza | Lima      | 2000-07-25 |
+-----------+-----------+------------+
3 rows in set (0.000 sec)

MariaDB [fatec]> select nome, sobrenome, datanasc from aluno where nome like '%ana%';
+-----------+-----------+------------+
| nome      | sobrenome | datanasc   |
+-----------+-----------+------------+
| Ana       | Reis      | 1998-10-15 |
| Mariana   | Rodrigues | 2000-03-23 |
| Ana Luiza | Lima      | 2000-07-25 |
+-----------+-----------+------------+
3 rows in set (0.000 sec)

MariaDB [fatec]> select nome, sobrenome, datanasc from aluno where nome like 'ana%';
+-----------+-----------+------------+
| nome      | sobrenome | datanasc   |
+-----------+-----------+------------+
| Ana       | Reis      | 1998-10-15 |
| Ana Luiza | Lima      | 2000-07-25 |
+-----------+-----------+------------+
2 rows in set (0.001 sec)

MariaDB [fatec]> selct * from aluno where datanasc like'2000%';
ERROR 1064 (42000): You have an error in your SQL syntax; check the manual that corresponds to your MariaDB server version for the right syntax to use near 'selct * from aluno where datanasc like'2000%'' at line 1
MariaDB [fatec]> select * from aluno where datanasc like'2000%';
+-----------+-----------+-----------+------+------------+-------+-------+-------+
| matricula | nome      | sobrenome | sexo | datanasc   | curso | nota1 | nota2 |
+-----------+-----------+-----------+------+------------+-------+-------+-------+
|         1 | Renato    | Cardoso   | M    | 2000-01-01 | ADS   |  5.00 |  0.00 |
|         2 | Paulo     | Mendes    | M    | 2000-05-20 | ADS   |  5.00 |  0.00 |
|         7 | Hugo      | Gasparini | M    | 2000-12-31 | SEG   |  5.00 |  0.00 |
|         8 | Fabio     | Souza     | M    | 2000-02-29 | ADS   |  5.00 |  5.50 |
|        10 | Vera      | Silva     | F    | 2000-04-30 | SEG   |  5.00 |  0.00 |
|        11 | Mariana   | Rodrigues | F    | 2000-03-23 | ADS   |  5.00 |  0.00 |
|        12 | Ana Luiza | Lima      | F    | 2000-07-25 | ADS   |  5.00 |  0.00 |
+-----------+-----------+-----------+------+------------+-------+-------+-------+
7 rows in set (0.000 sec)

MariaDB [fatec]> select * from aluno where datanasc like '%-10-%';
+-----------+--------+-----------+------+------------+-------+-------+-------+
| matricula | nome   | sobrenome | sexo | datanasc   | curso | nota1 | nota2 |
+-----------+--------+-----------+------+------------+-------+-------+-------+
|         4 | Daniel | Menezes   | M    | 1999-10-10 | ADS   |  5.00 |  0.00 |
|         9 | Ana    | Reis      | F    | 1998-10-15 | ADS   |  5.00 | 10.00 |
+-----------+--------+-----------+------+------------+-------+-------+-------+
2 rows in set (0.000 sec)

MariaDB [fatec]> select matricula, nome, curso, nota1, nota2, (nota1+nota2)/2 from aluno;
+-----------+-----------+-------+-------+-------+-----------------+
| matricula | nome      | curso | nota1 | nota2 | (nota1+nota2)/2 |
+-----------+-----------+-------+-------+-------+-----------------+
|         1 | Renato    | ADS   |  5.00 |  0.00 |        2.500000 |
|         2 | Paulo     | ADS   |  5.00 |  0.00 |        2.500000 |
|         3 | Valter    | ADS   |  5.00 |  0.00 |        2.500000 |
|         4 | Daniel    | ADS   |  5.00 |  0.00 |        2.500000 |
|         5 | Beatriz   | JOG   |  5.00 |  0.00 |        2.500000 |
|         6 | Marlene   | CMX   |  5.00 |  0.00 |        2.500000 |
|         7 | Hugo      | SEG   |  5.00 |  0.00 |        2.500000 |
|         8 | Fabio     | ADS   |  5.00 |  5.50 |        5.250000 |
|         9 | Ana       | ADS   |  5.00 | 10.00 |        7.500000 |
|        10 | Vera      | SEG   |  5.00 |  0.00 |        2.500000 |
|        11 | Mariana   | ADS   |  5.00 |  0.00 |        2.500000 |
|        12 | Ana Luiza | ADS   |  5.00 |  0.00 |        2.500000 |
+-----------+-----------+-------+-------+-------+-----------------+
12 rows in set (0.000 sec)

MariaDB [fatec]> select matricula, nome, curso, nota1, nota2, (nota1+nota2)/2 as media from aluno;
+-----------+-----------+-------+-------+-------+----------+
| matricula | nome      | curso | nota1 | nota2 | media    |
+-----------+-----------+-------+-------+-------+----------+
|         1 | Renato    | ADS   |  5.00 |  0.00 | 2.500000 |
|         2 | Paulo     | ADS   |  5.00 |  0.00 | 2.500000 |
|         3 | Valter    | ADS   |  5.00 |  0.00 | 2.500000 |
|         4 | Daniel    | ADS   |  5.00 |  0.00 | 2.500000 |
|         5 | Beatriz   | JOG   |  5.00 |  0.00 | 2.500000 |
|         6 | Marlene   | CMX   |  5.00 |  0.00 | 2.500000 |
|         7 | Hugo      | SEG   |  5.00 |  0.00 | 2.500000 |
|         8 | Fabio     | ADS   |  5.00 |  5.50 | 5.250000 |
|         9 | Ana       | ADS   |  5.00 | 10.00 | 7.500000 |
|        10 | Vera      | SEG   |  5.00 |  0.00 | 2.500000 |
|        11 | Mariana   | ADS   |  5.00 |  0.00 | 2.500000 |
|        12 | Ana Luiza | ADS   |  5.00 |  0.00 | 2.500000 |
+-----------+-----------+-------+-------+-------+----------+
12 rows in set (0.001 sec)

MariaDB [fatec]> select matricula, nome, curso, nota1, nota2, (nota1+nota2)/2 as media from aluno
    -> order by media desc;
+-----------+-----------+-------+-------+-------+----------+
| matricula | nome      | curso | nota1 | nota2 | media    |
+-----------+-----------+-------+-------+-------+----------+
|         9 | Ana       | ADS   |  5.00 | 10.00 | 7.500000 |
|         8 | Fabio     | ADS   |  5.00 |  5.50 | 5.250000 |
|         1 | Renato    | ADS   |  5.00 |  0.00 | 2.500000 |
|        11 | Mariana   | ADS   |  5.00 |  0.00 | 2.500000 |
|        10 | Vera      | SEG   |  5.00 |  0.00 | 2.500000 |
|         7 | Hugo      | SEG   |  5.00 |  0.00 | 2.500000 |
|         6 | Marlene   | CMX   |  5.00 |  0.00 | 2.500000 |
|         5 | Beatriz   | JOG   |  5.00 |  0.00 | 2.500000 |
|         4 | Daniel    | ADS   |  5.00 |  0.00 | 2.500000 |
|         3 | Valter    | ADS   |  5.00 |  0.00 | 2.500000 |
|         2 | Paulo     | ADS   |  5.00 |  0.00 | 2.500000 |
|        12 | Ana Luiza | ADS   |  5.00 |  0.00 | 2.500000 |
+-----------+-----------+-------+-------+-------+----------+
12 rows in set (0.000 sec)

MariaDB [fatec]> select matricula, nome, curso, nota1, nota2, (nota1+nota2)/2 as media from aluno
    -> where curso='ADS' or curso='SEG';
+-----------+-----------+-------+-------+-------+----------+
| matricula | nome      | curso | nota1 | nota2 | media    |
+-----------+-----------+-------+-------+-------+----------+
|         1 | Renato    | ADS   |  5.00 |  0.00 | 2.500000 |
|         2 | Paulo     | ADS   |  5.00 |  0.00 | 2.500000 |
|         3 | Valter    | ADS   |  5.00 |  0.00 | 2.500000 |
|         4 | Daniel    | ADS   |  5.00 |  0.00 | 2.500000 |
|         7 | Hugo      | SEG   |  5.00 |  0.00 | 2.500000 |
|         8 | Fabio     | ADS   |  5.00 |  5.50 | 5.250000 |
|         9 | Ana       | ADS   |  5.00 | 10.00 | 7.500000 |
|        10 | Vera      | SEG   |  5.00 |  0.00 | 2.500000 |
|        11 | Mariana   | ADS   |  5.00 |  0.00 | 2.500000 |
|        12 | Ana Luiza | ADS   |  5.00 |  0.00 | 2.500000 |
+-----------+-----------+-------+-------+-------+----------+
10 rows in set (0.001 sec)

MariaDB [fatec]> select matricula, nome, curso, nota1, nota2, (nota1+nota2)/2 as media from aluno
    -> where curso in ('ADS','SEG');
+-----------+-----------+-------+-------+-------+----------+
| matricula | nome      | curso | nota1 | nota2 | media    |
+-----------+-----------+-------+-------+-------+----------+
|         1 | Renato    | ADS   |  5.00 |  0.00 | 2.500000 |
|         2 | Paulo     | ADS   |  5.00 |  0.00 | 2.500000 |
|         3 | Valter    | ADS   |  5.00 |  0.00 | 2.500000 |
|         4 | Daniel    | ADS   |  5.00 |  0.00 | 2.500000 |
|         7 | Hugo      | SEG   |  5.00 |  0.00 | 2.500000 |
|         8 | Fabio     | ADS   |  5.00 |  5.50 | 5.250000 |
|         9 | Ana       | ADS   |  5.00 | 10.00 | 7.500000 |
|        10 | Vera      | SEG   |  5.00 |  0.00 | 2.500000 |
|        11 | Mariana   | ADS   |  5.00 |  0.00 | 2.500000 |
|        12 | Ana Luiza | ADS   |  5.00 |  0.00 | 2.500000 |
+-----------+-----------+-------+-------+-------+----------+
10 rows in set (0.000 sec)

MariaDB [fatec]> select * from aluno where datanasc between '2000-01-01' and '2000-12-31';
+-----------+-----------+-----------+------+------------+-------+-------+-------+
| matricula | nome      | sobrenome | sexo | datanasc   | curso | nota1 | nota2 |
+-----------+-----------+-----------+------+------------+-------+-------+-------+
|         1 | Renato    | Cardoso   | M    | 2000-01-01 | ADS   |  5.00 |  0.00 |
|         2 | Paulo     | Mendes    | M    | 2000-05-20 | ADS   |  5.00 |  0.00 |
|         7 | Hugo      | Gasparini | M    | 2000-12-31 | SEG   |  5.00 |  0.00 |
|         8 | Fabio     | Souza     | M    | 2000-02-29 | ADS   |  5.00 |  5.50 |
|        10 | Vera      | Silva     | F    | 2000-04-30 | SEG   |  5.00 |  0.00 |
|        11 | Mariana   | Rodrigues | F    | 2000-03-23 | ADS   |  5.00 |  0.00 |
|        12 | Ana Luiza | Lima      | F    | 2000-07-25 | ADS   |  5.00 |  0.00 |
+-----------+-----------+-----------+------+------------+-------+-------+-------+
7 rows in set (0.103 sec)

MariaDB [fatec]> select * from aluno where datanasc >= '2000-01-01' and datanasc <= '2000-12-31';
+-----------+-----------+-----------+------+------------+-------+-------+-------+
| matricula | nome      | sobrenome | sexo | datanasc   | curso | nota1 | nota2 |
+-----------+-----------+-----------+------+------------+-------+-------+-------+
|         1 | Renato    | Cardoso   | M    | 2000-01-01 | ADS   |  5.00 |  0.00 |
|         2 | Paulo     | Mendes    | M    | 2000-05-20 | ADS   |  5.00 |  0.00 |
|         7 | Hugo      | Gasparini | M    | 2000-12-31 | SEG   |  5.00 |  0.00 |
|         8 | Fabio     | Souza     | M    | 2000-02-29 | ADS   |  5.00 |  5.50 |
|        10 | Vera      | Silva     | F    | 2000-04-30 | SEG   |  5.00 |  0.00 |
|        11 | Mariana   | Rodrigues | F    | 2000-03-23 | ADS   |  5.00 |  0.00 |
|        12 | Ana Luiza | Lima      | F    | 2000-07-25 | ADS   |  5.00 |  0.00 |
+-----------+-----------+-----------+------+------------+-------+-------+-------+
7 rows in set (0.001 sec)

MariaDB [fatec]> select matricula as '#', nome, sobrenome, datanasc, curso, (nota1+nota2)/2 as media from aluno
    -> order by nome;
+----+-----------+-----------+------------+-------+----------+
| #  | nome      | sobrenome | datanasc   | curso | media    |
+----+-----------+-----------+------------+-------+----------+
|  9 | Ana       | Reis      | 1998-10-15 | ADS   | 7.500000 |
| 12 | Ana Luiza | Lima      | 2000-07-25 | ADS   | 2.500000 |
|  5 | Beatriz   | Martins   | 1999-07-12 | JOG   | 2.500000 |
|  4 | Daniel    | Menezes   | 1999-10-10 | ADS   | 2.500000 |
|  8 | Fabio     | Souza     | 2000-02-29 | ADS   | 5.250000 |
|  7 | Hugo      | Gasparini | 2000-12-31 | SEG   | 2.500000 |
| 11 | Mariana   | Rodrigues | 2000-03-23 | ADS   | 2.500000 |
|  6 | Marlene   | Martins   | 1999-08-08 | CMX   | 2.500000 |
|  2 | Paulo     | Mendes    | 2000-05-20 | ADS   | 2.500000 |
|  1 | Renato    | Cardoso   | 2000-01-01 | ADS   | 2.500000 |
|  3 | Valter    | Carvalho  | 1999-12-25 | ADS   | 2.500000 |
| 10 | Vera      | Silva     | 2000-04-30 | SEG   | 2.500000 |
+----+-----------+-----------+------------+-------+----------+
12 rows in set (0.000 sec)

MariaDB [fatec]> select * from aluno where sexo='F';
+-----------+-----------+-----------+------+------------+-------+-------+-------+
| matricula | nome      | sobrenome | sexo | datanasc   | curso | nota1 | nota2 |
+-----------+-----------+-----------+------+------------+-------+-------+-------+
|         5 | Beatriz   | Martins   | F    | 1999-07-12 | JOG   |  5.00 |  0.00 |
|         6 | Marlene   | Martins   | F    | 1999-08-08 | CMX   |  5.00 |  0.00 |
|         9 | Ana       | Reis      | F    | 1998-10-15 | ADS   |  5.00 | 10.00 |
|        10 | Vera      | Silva     | F    | 2000-04-30 | SEG   |  5.00 |  0.00 |
|        11 | Mariana   | Rodrigues | F    | 2000-03-23 | ADS   |  5.00 |  0.00 |
|        12 | Ana Luiza | Lima      | F    | 2000-07-25 | ADS   |  5.00 |  0.00 |
+-----------+-----------+-----------+------+------------+-------+-------+-------+
6 rows in set (0.000 sec)

MariaDB [fatec]> select * from aluno where sexo='M';
+-----------+--------+-----------+------+------------+-------+-------+-------+
| matricula | nome   | sobrenome | sexo | datanasc   | curso | nota1 | nota2 |
+-----------+--------+-----------+------+------------+-------+-------+-------+
|         1 | Renato | Cardoso   | M    | 2000-01-01 | ADS   |  5.00 |  0.00 |
|         2 | Paulo  | Mendes    | M    | 2000-05-20 | ADS   |  5.00 |  0.00 |
|         3 | Valter | Carvalho  | M    | 1999-12-25 | ADS   |  5.00 |  0.00 |
|         4 | Daniel | Menezes   | M    | 1999-10-10 | ADS   |  5.00 |  0.00 |
|         7 | Hugo   | Gasparini | M    | 2000-12-31 | SEG   |  5.00 |  0.00 |
|         8 | Fabio  | Souza     | M    | 2000-02-29 | ADS   |  5.00 |  5.50 |
+-----------+--------+-----------+------+------------+-------+-------+-------+
6 rows in set (0.000 sec)

MariaDB [fatec]> quit
