MariaDB [(none)]> show tables
    -> ;
ERROR 1046 (3D000): No database selected
MariaDB [(none)]> show database
    -> ;
ERROR 1064 (42000): You have an error in your SQL syntax; check the manual that corresponds to your MariaDB server version for the right syntax to use near 'database' at line 1
MariaDB [(none)]> show;
ERROR 1064 (42000): You have an error in your SQL syntax; check the manual that corresponds to your MariaDB server version for the right syntax to use near '' at line 1
MariaDB [(none)]> /help
    -> ;
ERROR 1064 (42000): You have an error in your SQL syntax; check the manual that corresponds to your MariaDB server version for the right syntax to use near '/help' at line 1
MariaDB [(none)]> \h

General information about MariaDB can be found at
http://mariadb.org

List of all client commands:
Note that all text commands must be first on line and end with ';'
?         (\?) Synonym for `help'.
clear     (\c) Clear the current input statement.
connect   (\r) Reconnect to the server. Optional arguments are db and host.
delimiter (\d) Set statement delimiter.
ego       (\G) Send command to MariaDB server, display result vertically.
exit      (\q) Exit mysql. Same as quit.
go        (\g) Send command to MariaDB server.
help      (\h) Display this help.
notee     (\t) Don't write into outfile.
print     (\p) Print current command.
prompt    (\R) Change your mysql prompt.
quit      (\q) Quit mysql.
rehash    (\#) Rebuild completion hash.
source    (\.) Execute an SQL script file. Takes a file name as an argument.
status    (\s) Get status information from the server.
tee       (\T) Set outfile [to_outfile]. Append everything into given outfile.
use       (\u) Use another database. Takes database name as argument.
charset   (\C) Switch to another charset. Might be needed for processing binlog with multi-byte charsets.
warnings  (\W) Show warnings after every statement.
nowarning (\w) Don't show warnings after every statement.

For server side help, type 'help contents'

MariaDB [(none)]> source aula.sql;
Query OK, 1 row affected (0.002 sec)

Database changed
Query OK, 0 rows affected (0.779 sec)

Query OK, 0 rows affected (0.967 sec)

Query OK, 0 rows affected (0.305 sec)

Query OK, 0 rows affected (0.435 sec)

Query OK, 0 rows affected (0.807 sec)

Query OK, 0 rows affected (0.523 sec)

MariaDB [aulaConcessionaria]> show databases;
+--------------------+
| Database           |
+--------------------+
| aula1              |
| aulaconcessionaria |
| ex1                |
| information_schema |
| mysql              |
| performance_schema |
| phpmyadmin         |
| test               |
+--------------------+
8 rows in set (0.001 sec)

MariaDB [aulaConcessionaria]> show tables;
+------------------------------+
| Tables_in_aulaconcessionaria |
+------------------------------+
| categoria                    |
| marca                        |
| modelo                       |
| propriedade                  |
| proprietario                 |
| veiculo                      |
+------------------------------+
6 rows in set (0.001 sec)

MariaDB [aulaConcessionaria]> desc veiculo
    -> ;
+---------------+-------------+------+-----+---------+-------+
| Field         | Type        | Null | Key | Default | Extra |
+---------------+-------------+------+-----+---------+-------+
| placa         | char(7)     | NO   | PRI | NULL    |       |
| cor           | varchar(10) | YES  |     | NULL    |       |
| anofabricacao | year(4)     | YES  |     | NULL    |       |
| idCategoria   | int(11)     | YES  | MUL | NULL    |       |
| idModelo      | int(11)     | YES  | MUL | NULL    |       |
| idMarca       | int(11)     | YES  | MUL | NULL    |       |
+---------------+-------------+------+-----+---------+-------+
6 rows in set (0.033 sec)

MariaDB [aulaConcessionaria]> desc proprietario;
+----------------------+--------------+------+-----+---------+----------------+
| Field                | Type         | Null | Key | Default | Extra          |
+----------------------+--------------+------+-----+---------+----------------+
| idProprietario       | int(11)      | NO   | PRI | NULL    | auto_increment |
| NomeProprietario     | varchar(50)  | NO   |     | NULL    |                |
| EnderecoProprietario | varchar(100) | NO   |     | NULL    |                |
| RG                   | char(10)     | YES  |     | NULL    |                |
| CPF                  | char(11)     | YES  | UNI | NULL    |                |
+----------------------+--------------+------+-----+---------+----------------+
5 rows in set (0.035 sec)

MariaDB [aulaConcessionaria]> /* trocar coluna enderecoproprietario para endereco*/
MariaDB [aulaConcessionaria]> alter table proprietario change enderecoproprietario endereco
    -> ;
ERROR 1064 (42000): You have an error in your SQL syntax; check the manual that corresponds to your MariaDB server version for the right syntax to use near '' at line 1
MariaDB [aulaConcessionaria]> alter table proprietario change enderecoproprietario endereco varchar(60) not null;
Query OK, 0 rows affected (1.023 sec)
Records: 0  Duplicates: 0  Warnings: 0

MariaDB [aulaConcessionaria]> desc proprietario;
+------------------+-------------+------+-----+---------+----------------+
| Field            | Type        | Null | Key | Default | Extra          |
+------------------+-------------+------+-----+---------+----------------+
| idProprietario   | int(11)     | NO   | PRI | NULL    | auto_increment |
| NomeProprietario | varchar(50) | NO   |     | NULL    |                |
| endereco         | varchar(60) | NO   |     | NULL    |                |
| RG               | char(10)    | YES  |     | NULL    |                |
| CPF              | char(11)    | YES  | UNI | NULL    |                |
+------------------+-------------+------+-----+---------+----------------+
5 rows in set (0.028 sec)

MariaDB [aulaConcessionaria]> /*alterar o valor padrao da cor para prata*/
MariaDB [aulaConcessionaria]> alter table veiculo alter cor set defaut 'prata';
ERROR 1064 (42000): You have an error in your SQL syntax; check the manual that corresponds to your MariaDB server version for the right syntax to use near 'defaut 'prata'' at line 1
MariaDB [aulaConcessionaria]> alter table veiculo modify cor varchar(9) default 'preto';
Query OK, 0 rows affected (1.325 sec)
Records: 0  Duplicates: 0  Warnings: 0

MariaDB [aulaConcessionaria]> desc veiculo;
+---------------+------------+------+-----+---------+-------+
| Field         | Type       | Null | Key | Default | Extra |
+---------------+------------+------+-----+---------+-------+
| placa         | char(7)    | NO   | PRI | NULL    |       |
| cor           | varchar(9) | YES  |     | preto   |       |
| anofabricacao | year(4)    | YES  |     | NULL    |       |
| idCategoria   | int(11)    | YES  | MUL | NULL    |       |
| idModelo      | int(11)    | YES  | MUL | NULL    |       |
| idMarca       | int(11)    | YES  | MUL | NULL    |       |
+---------------+------------+------+-----+---------+-------+
6 rows in set (0.125 sec)

MariaDB [aulaConcessionaria]> /*trocar o RG para inteiro*/
MariaDB [aulaConcessionaria]> alter table proprietario modify rg int;
Query OK, 0 rows affected (1.007 sec)
Records: 0  Duplicates: 0  Warnings: 0

MariaDB [aulaConcessionaria]> desc proprietario;
+------------------+-------------+------+-----+---------+----------------+
| Field            | Type        | Null | Key | Default | Extra          |
+------------------+-------------+------+-----+---------+----------------+
| idProprietario   | int(11)     | NO   | PRI | NULL    | auto_increment |
| NomeProprietario | varchar(50) | NO   |     | NULL    |                |
| endereco         | varchar(60) | NO   |     | NULL    |                |
| rg               | int(11)     | YES  |     | NULL    |                |
| CPF              | char(11)    | YES  | UNI | NULL    |                |
+------------------+-------------+------+-----+---------+----------------+
5 rows in set (0.030 sec)

MariaDB [aulaConcessionaria]> drop table propriedade;
Query OK, 0 rows affected (0.183 sec)

MariaDB [aulaConcessionaria]> show tables
    -> ;
+------------------------------+
| Tables_in_aulaconcessionaria |
+------------------------------+
| categoria                    |
| marca                        |
| modelo                       |
| proprietario                 |
| veiculo                      |
+------------------------------+
5 rows in set (0.001 sec)

MariaDB [aulaConcessionaria]> /*criar a tabela propriedade*/
MariaDB [aulaConcessionaria]> create table propriedade(
    -> placa char(7),
    -> dono int,
    -> datacompra date,
    -> primary key(placa, dono)
    -> );
Query OK, 0 rows affected (0.260 sec)

MariaDB [aulaConcessionaria]> desc propriedade
    -> ;
+------------+---------+------+-----+---------+-------+
| Field      | Type    | Null | Key | Default | Extra |
+------------+---------+------+-----+---------+-------+
| placa      | char(7) | NO   | PRI | NULL    |       |
| dono       | int(11) | NO   | PRI | NULL    |       |
| datacompra | date    | YES  |     | NULL    |       |
+------------+---------+------+-----+---------+-------+
3 rows in set (0.125 sec)

MariaDB [aulaConcessionaria]> alter table propriedade add foreign key(placa) references veiculo(placa);
Query OK, 0 rows affected (1.321 sec)
Records: 0  Duplicates: 0  Warnings: 0

MariaDB [aulaConcessionaria]> desc propriedade
    -> ;
+------------+---------+------+-----+---------+-------+
| Field      | Type    | Null | Key | Default | Extra |
+------------+---------+------+-----+---------+-------+
| placa      | char(7) | NO   | PRI | NULL    |       |
| dono       | int(11) | NO   | PRI | NULL    |       |
| datacompra | date    | YES  |     | NULL    |       |
+------------+---------+------+-----+---------+-------+
3 rows in set (0.032 sec)

MariaDB [aulaConcessionaria]> alter table propriedade add foreign key(dono) references proprietario(idproprietario);
Query OK, 0 rows affected (1.309 sec)
Records: 0  Duplicates: 0  Warnings: 0

MariaDB [aulaConcessionaria]> desc propriedade;
+------------+---------+------+-----+---------+-------+
| Field      | Type    | Null | Key | Default | Extra |
+------------+---------+------+-----+---------+-------+
| placa      | char(7) | NO   | PRI | NULL    |       |
| dono       | int(11) | NO   | PRI | NULL    |       |
| datacompra | date    | YES  |     | NULL    |       |
+------------+---------+------+-----+---------+-------+
3 rows in set (0.033 sec)

MariaDB [aulaConcessionaria]> alter table propriedade drop foreign key(dono);
ERROR 1064 (42000): You have an error in your SQL syntax; check the manual that corresponds to your MariaDB server version for the right syntax to use near '(dono)' at line 1
MariaDB [aulaConcessionaria]> desc propriedade;
+------------+---------+------+-----+---------+-------+
| Field      | Type    | Null | Key | Default | Extra |
+------------+---------+------+-----+---------+-------+
| placa      | char(7) | NO   | PRI | NULL    |       |
| dono       | int(11) | NO   | PRI | NULL    |       |
| datacompra | date    | YES  |     | NULL    |       |
+------------+---------+------+-----+---------+-------+
3 rows in set (0.030 sec)

MariaDB [aulaConcessionaria]> show table propriedade;
ERROR 1064 (42000): You have an error in your SQL syntax; check the manual that corresponds to your MariaDB server version for the right syntax to use near 'propriedade' at line 1
MariaDB [aulaConcessionaria]> show create table propriedade;
+-------------+------------------------------------------------------------------------------------------------------------------------------------------------------------------------------------------------------------------------------------------------------------------------------------------------------------------------------------------------------------------------------------------------------------------+
| Table       | Create Table                                                                                                                                                                                                                                                                                                                                                                                                     |
+-------------+------------------------------------------------------------------------------------------------------------------------------------------------------------------------------------------------------------------------------------------------------------------------------------------------------------------------------------------------------------------------------------------------------------------+
| propriedade | CREATE TABLE `propriedade` (
  `placa` char(7) NOT NULL,
  `dono` int(11) NOT NULL,
  `datacompra` date DEFAULT NULL,
  PRIMARY KEY (`placa`,`dono`),
  KEY `dono` (`dono`),
  CONSTRAINT `propriedade_ibfk_1` FOREIGN KEY (`placa`) REFERENCES `veiculo` (`placa`),
  CONSTRAINT `propriedade_ibfk_2` FOREIGN KEY (`dono`) REFERENCES `proprietario` (`idProprietario`)
) ENGINE=InnoDB DEFAULT CHARSET=utf8mb4 |
+-------------+------------------------------------------------------------------------------------------------------------------------------------------------------------------------------------------------------------------------------------------------------------------------------------------------------------------------------------------------------------------------------------------------------------------+
1 row in set (0.102 sec)

MariaDB [aulaConcessionaria]> show create table veiculo;
+---------+------------------------------------------------------------------------------------------------------------------------------------------------------------------------------------------------------------------------------------------------------------------------------------------------------------------------------------------------------------------------------------------------------------------------------------------------------------------------------------------------------------------------------------------------------------------------------------------------------------------------------------------------------------------------------------------------+
| Table   | Create Table                                                                                                                                                                                                                                                                                                                                                                                                                                                                                                                                                                                                                                                                                   |
+---------+------------------------------------------------------------------------------------------------------------------------------------------------------------------------------------------------------------------------------------------------------------------------------------------------------------------------------------------------------------------------------------------------------------------------------------------------------------------------------------------------------------------------------------------------------------------------------------------------------------------------------------------------------------------------------------------------+
| veiculo | CREATE TABLE `veiculo` (
  `placa` char(7) NOT NULL,
  `cor` varchar(9) DEFAULT 'preto',
  `anofabricacao` year(4) DEFAULT NULL,
  `idCategoria` int(11) DEFAULT NULL,
  `idModelo` int(11) DEFAULT NULL,
  `idMarca` int(11) DEFAULT NULL,
  PRIMARY KEY (`placa`),
  KEY `idCategoria` (`idCategoria`),
  KEY `idModelo` (`idModelo`),
  KEY `idMarca` (`idMarca`),
  CONSTRAINT `veiculo_ibfk_1` FOREIGN KEY (`idCategoria`) REFERENCES `categoria` (`idCategoria`),
  CONSTRAINT `veiculo_ibfk_2` FOREIGN KEY (`idModelo`) REFERENCES `modelo` (`idModelo`),
  CONSTRAINT `veiculo_ibfk_3` FOREIGN KEY (`idMarca`) REFERENCES `modelo` (`idMarca`)
) ENGINE=InnoDB DEFAULT CHARSET=utf8mb4 |
+---------+------------------------------------------------------------------------------------------------------------------------------------------------------------------------------------------------------------------------------------------------------------------------------------------------------------------------------------------------------------------------------------------------------------------------------------------------------------------------------------------------------------------------------------------------------------------------------------------------------------------------------------------------------------------------------------------------+
1 row in set (0.000 sec)

MariaDB [aulaConcessionaria]> alter table veiculo drop constraint veiculo_ibfk_1;
Query OK, 0 rows affected (0.231 sec)
Records: 0  Duplicates: 0  Warnings: 0

MariaDB [aulaConcessionaria]> show create table veiculo;
+---------+----------------------------------------------------------------------------------------------------------------------------------------------------------------------------------------------------------------------------------------------------------------------------------------------------------------------------------------------------------------------------------------------------------------------------------------------------------------------------------------------------------------------------------------------------------------------------------------------+
| Table   | Create Table                                                                                                                                                                                                                                                                                                                                                                                                                                                                                                                                                                                 |
+---------+----------------------------------------------------------------------------------------------------------------------------------------------------------------------------------------------------------------------------------------------------------------------------------------------------------------------------------------------------------------------------------------------------------------------------------------------------------------------------------------------------------------------------------------------------------------------------------------------+
| veiculo | CREATE TABLE `veiculo` (
  `placa` char(7) NOT NULL,
  `cor` varchar(9) DEFAULT 'preto',
  `anofabricacao` year(4) DEFAULT NULL,
  `idCategoria` int(11) DEFAULT NULL,
  `idModelo` int(11) DEFAULT NULL,
  `idMarca` int(11) DEFAULT NULL,
  PRIMARY KEY (`placa`),
  KEY `idCategoria` (`idCategoria`),
  KEY `idModelo` (`idModelo`),
  KEY `idMarca` (`idMarca`),
  CONSTRAINT `veiculo_ibfk_2` FOREIGN KEY (`idModelo`) REFERENCES `modelo` (`idModelo`),
  CONSTRAINT `veiculo_ibfk_3` FOREIGN KEY (`idMarca`) REFERENCES `modelo` (`idMarca`)
) ENGINE=InnoDB DEFAULT CHARSET=utf8mb4 |
+---------+----------------------------------------------------------------------------------------------------------------------------------------------------------------------------------------------------------------------------------------------------------------------------------------------------------------------------------------------------------------------------------------------------------------------------------------------------------------------------------------------------------------------------------------------------------------------------------------------+
1 row in set (0.000 sec)

MariaDB [aulaConcessionaria]> alter table veiculo drop constraint veiculo_ibfk_2;
Query OK, 0 rows affected (0.208 sec)
Records: 0  Duplicates: 0  Warnings: 0

MariaDB [aulaConcessionaria]> show create table veiculo;
+---------+-----------------------------------------------------------------------------------------------------------------------------------------------------------------------------------------------------------------------------------------------------------------------------------------------------------------------------------------------------------------------------------------------------------------------------------------------------------------------------------------------------+
| Table   | Create Table                                                                                                                                                                                                                                                                                                                                                                                                                                                                                        |
+---------+-----------------------------------------------------------------------------------------------------------------------------------------------------------------------------------------------------------------------------------------------------------------------------------------------------------------------------------------------------------------------------------------------------------------------------------------------------------------------------------------------------+
| veiculo | CREATE TABLE `veiculo` (
  `placa` char(7) NOT NULL,
  `cor` varchar(9) DEFAULT 'preto',
  `anofabricacao` year(4) DEFAULT NULL,
  `idCategoria` int(11) DEFAULT NULL,
  `idModelo` int(11) DEFAULT NULL,
  `idMarca` int(11) DEFAULT NULL,
  PRIMARY KEY (`placa`),
  KEY `idCategoria` (`idCategoria`),
  KEY `idModelo` (`idModelo`),
  KEY `idMarca` (`idMarca`),
  CONSTRAINT `veiculo_ibfk_3` FOREIGN KEY (`idMarca`) REFERENCES `modelo` (`idMarca`)
) ENGINE=InnoDB DEFAULT CHARSET=utf8mb4 |
+---------+-----------------------------------------------------------------------------------------------------------------------------------------------------------------------------------------------------------------------------------------------------------------------------------------------------------------------------------------------------------------------------------------------------------------------------------------------------------------------------------------------------+
1 row in set (0.000 sec)

MariaDB [aulaConcessionaria]> alter table veiculo drop constraint veiculo_ibfk_3;
Query OK, 0 rows affected (0.191 sec)
Records: 0  Duplicates: 0  Warnings: 0

MariaDB [aulaConcessionaria]> alter table veiculo add foreign key(idMarca, idModelo) references modelo(idMarca, idModelo);
Query OK, 0 rows affected (1.529 sec)
Records: 0  Duplicates: 0  Warnings: 0

MariaDB [aulaConcessionaria]> show create table veiculo;
+---------+----------------------------------------------------------------------------------------------------------------------------------------------------------------------------------------------------------------------------------------------------------------------------------------------------------------------------------------------------------------------------------------------------------------------------------------------------------------------------------------------------------------------------------------+
| Table   | Create Table                                                                                                                                                                                                                                                                                                                                                                                                                                                                                                                           |
+---------+----------------------------------------------------------------------------------------------------------------------------------------------------------------------------------------------------------------------------------------------------------------------------------------------------------------------------------------------------------------------------------------------------------------------------------------------------------------------------------------------------------------------------------------+
| veiculo | CREATE TABLE `veiculo` (
  `placa` char(7) NOT NULL,
  `cor` varchar(9) DEFAULT 'preto',
  `anofabricacao` year(4) DEFAULT NULL,
  `idCategoria` int(11) DEFAULT NULL,
  `idModelo` int(11) DEFAULT NULL,
  `idMarca` int(11) DEFAULT NULL,
  PRIMARY KEY (`placa`),
  KEY `idCategoria` (`idCategoria`),
  KEY `idModelo` (`idModelo`),
  KEY `idMarca` (`idMarca`,`idModelo`),
  CONSTRAINT `veiculo_ibfk_1` FOREIGN KEY (`idMarca`, `idModelo`) REFERENCES `modelo` (`idMarca`, `idModelo`)
) ENGINE=InnoDB DEFAULT CHARSET=utf8mb4 |
+---------+----------------------------------------------------------------------------------------------------------------------------------------------------------------------------------------------------------------------------------------------------------------------------------------------------------------------------------------------------------------------------------------------------------------------------------------------------------------------------------------------------------------------------------------+
1 row in set (0.033 sec)

MariaDB [aulaConcessionaria]> 
MariaDB [aulaConcessionaria]> show create database aulaConcessionaria;
+--------------------+--------------------------------------------------------------------------------+
| Database           | Create Database                                                                |
+--------------------+--------------------------------------------------------------------------------+
| aulaConcessionaria | CREATE DATABASE `aulaconcessionaria` /*!40100 DEFAULT CHARACTER SET utf8mb4 */ |
+--------------------+--------------------------------------------------------------------------------+
1 row in set (0.000 sec)

MariaDB [aulaConcessionaria]> show create database;
ERROR 1064 (42000): You have an error in your SQL syntax; check the manual that corresponds to your MariaDB server version for the right syntax to use near '' at line 1
MariaDB [aulaConcessionaria]> exit
